// Jest Snapshot v1, https://goo.gl/fbAQLP

exports[`renders the UI as expected 1`] = `
<div
  className="dashboard__background"
>
  <div
    className="logo__dashboard"
  >
    <nav>
      <button
        className="logout_button"
        onClick={[Function]}
      >
        Logout
      </button>
    </nav>
  </div>
  <div
    className="calendar_container"
  >
    <div
      className="date-section"
    >
      <div
        className="DayPicker Selectable"
        lang="en"
      >
        <div
          className="DayPicker-wrapper"
          onKeyDown={[Function]}
          tabIndex={0}
        >
          <div
            className="DayPicker-NavBar"
          >
            <span
              aria-label="Previous Month"
              className="DayPicker-NavButton DayPicker-NavButton--prev"
              onClick={[Function]}
              onKeyDown={[Function]}
              role="button"
              tabIndex="0"
            />
            <span
              aria-label="Next Month"
              className="DayPicker-NavButton DayPicker-NavButton--next"
              onClick={[Function]}
              onKeyDown={[Function]}
              role="button"
              tabIndex="0"
            />
          </div>
          <div
            className="DayPicker-Months"
          >
            <div
              className="DayPicker-Month"
              role="grid"
            >
              <div
                className="DayPicker-Caption"
                role="heading"
              >
                <div
                  onKeyUp={[Function]}
                >
                  March 2020
                </div>
              </div>
              <div
                className="DayPicker-Weekdays"
                role="rowgroup"
              >
                <div
                  className="DayPicker-WeekdaysRow"
                  role="row"
                >
                  <div
                    className="DayPicker-Weekday"
                    role="columnheader"
                  >
                    <abbr
                      title="Sunday"
                    >
                      Su
                    </abbr>
                  </div>
                  <div
                    className="DayPicker-Weekday"
                    role="columnheader"
                  >
                    <abbr
                      title="Monday"
                    >
                      Mo
                    </abbr>
                  </div>
                  <div
                    className="DayPicker-Weekday"
                    role="columnheader"
                  >
                    <abbr
                      title="Tuesday"
                    >
                      Tu
                    </abbr>
                  </div>
                  <div
                    className="DayPicker-Weekday"
                    role="columnheader"
                  >
                    <abbr
                      title="Wednesday"
                    >
                      We
                    </abbr>
                  </div>
                  <div
                    className="DayPicker-Weekday"
                    role="columnheader"
                  >
                    <abbr
                      title="Thursday"
                    >
                      Th
                    </abbr>
                  </div>
                  <div
                    className="DayPicker-Weekday"
                    role="columnheader"
                  >
                    <abbr
                      title="Friday"
                    >
                      Fr
                    </abbr>
                  </div>
                  <div
                    className="DayPicker-Weekday"
                    role="columnheader"
                  >
                    <abbr
                      title="Saturday"
                    >
                      Sa
                    </abbr>
                  </div>
                </div>
              </div>
              <div
                className="DayPicker-Body"
                role="rowgroup"
              >
                <div
                  className="DayPicker-Week"
                  role="row"
                >
                  <div
                    aria-disabled={false}
                    aria-label="Sun Mar 01 2020"
                    aria-selected={false}
                    className="DayPicker-Day"
                    onClick={[Function]}
                    onKeyDown={[Function]}
                    role="gridcell"
                    tabIndex={0}
                  >
                    1
                  </div>
                  <div
                    aria-disabled={false}
                    aria-label="Mon Mar 02 2020"
                    aria-selected={false}
                    className="DayPicker-Day"
                    onClick={[Function]}
                    onKeyDown={[Function]}
                    role="gridcell"
                    tabIndex={-1}
                  >
                    2
                  </div>
                  <div
                    aria-disabled={false}
                    aria-label="Tue Mar 03 2020"
                    aria-selected={false}
                    className="DayPicker-Day"
                    onClick={[Function]}
                    onKeyDown={[Function]}
                    role="gridcell"
                    tabIndex={-1}
                  >
                    3
                  </div>
                  <div
                    aria-disabled={false}
                    aria-label="Wed Mar 04 2020"
                    aria-selected={false}
                    className="DayPicker-Day"
                    onClick={[Function]}
                    onKeyDown={[Function]}
                    role="gridcell"
                    tabIndex={-1}
                  >
                    4
                  </div>
                  <div
                    aria-disabled={false}
                    aria-label="Thu Mar 05 2020"
                    aria-selected={false}
                    className="DayPicker-Day"
                    onClick={[Function]}
                    onKeyDown={[Function]}
                    role="gridcell"
                    tabIndex={-1}
                  >
                    5
                  </div>
                  <div
                    aria-disabled={false}
                    aria-label="Fri Mar 06 2020"
                    aria-selected={false}
                    className="DayPicker-Day"
                    onClick={[Function]}
                    onKeyDown={[Function]}
                    role="gridcell"
                    tabIndex={-1}
                  >
                    6
                  </div>
                  <div
                    aria-disabled={false}
                    aria-label="Sat Mar 07 2020"
                    aria-selected={false}
                    className="DayPicker-Day"
                    onClick={[Function]}
                    onKeyDown={[Function]}
                    role="gridcell"
                    tabIndex={-1}
                  >
                    7
                  </div>
                </div>
                <div
                  className="DayPicker-Week"
                  role="row"
                >
                  <div
                    aria-disabled={false}
                    aria-label="Sun Mar 08 2020"
                    aria-selected={false}
                    className="DayPicker-Day"
                    onClick={[Function]}
                    onKeyDown={[Function]}
                    role="gridcell"
                    tabIndex={-1}
                  >
                    8
                  </div>
                  <div
                    aria-disabled={false}
                    aria-label="Mon Mar 09 2020"
                    aria-selected={false}
                    className="DayPicker-Day"
                    onClick={[Function]}
                    onKeyDown={[Function]}
                    role="gridcell"
                    tabIndex={-1}
                  >
                    9
                  </div>
                  <div
                    aria-disabled={false}
                    aria-label="Tue Mar 10 2020"
                    aria-selected={false}
                    className="DayPicker-Day"
                    onClick={[Function]}
                    onKeyDown={[Function]}
                    role="gridcell"
                    tabIndex={-1}
                  >
                    10
                  </div>
                  <div
                    aria-disabled={false}
                    aria-label="Wed Mar 11 2020"
                    aria-selected={false}
                    className="DayPicker-Day"
                    onClick={[Function]}
                    onKeyDown={[Function]}
                    role="gridcell"
                    tabIndex={-1}
                  >
                    11
                  </div>
                  <div
                    aria-disabled={false}
                    aria-label="Thu Mar 12 2020"
                    aria-selected={false}
                    className="DayPicker-Day"
                    onClick={[Function]}
                    onKeyDown={[Function]}
                    role="gridcell"
                    tabIndex={-1}
                  >
                    12
                  </div>
                  <div
                    aria-disabled={false}
                    aria-label="Fri Mar 13 2020"
                    aria-selected={false}
                    className="DayPicker-Day"
                    onClick={[Function]}
                    onKeyDown={[Function]}
                    role="gridcell"
                    tabIndex={-1}
                  >
                    13
                  </div>
                  <div
                    aria-disabled={false}
                    aria-label="Sat Mar 14 2020"
                    aria-selected={false}
                    className="DayPicker-Day"
                    onClick={[Function]}
                    onKeyDown={[Function]}
                    role="gridcell"
                    tabIndex={-1}
                  >
                    14
                  </div>
                </div>
                <div
                  className="DayPicker-Week"
                  role="row"
                >
                  <div
                    aria-disabled={false}
                    aria-label="Sun Mar 15 2020"
                    aria-selected={false}
                    className="DayPicker-Day"
                    onClick={[Function]}
                    onKeyDown={[Function]}
                    role="gridcell"
                    tabIndex={-1}
                  >
                    15
                  </div>
                  <div
                    aria-disabled={false}
                    aria-label="Mon Mar 16 2020"
                    aria-selected={false}
                    className="DayPicker-Day"
                    onClick={[Function]}
                    onKeyDown={[Function]}
                    role="gridcell"
                    tabIndex={-1}
                  >
                    16
                  </div>
                  <div
                    aria-disabled={false}
                    aria-label="Tue Mar 17 2020"
                    aria-selected={false}
                    className="DayPicker-Day"
                    onClick={[Function]}
                    onKeyDown={[Function]}
                    role="gridcell"
                    tabIndex={-1}
                  >
                    17
                  </div>
                  <div
                    aria-disabled={false}
                    aria-label="Wed Mar 18 2020"
                    aria-selected={false}
                    className="DayPicker-Day"
                    onClick={[Function]}
                    onKeyDown={[Function]}
                    role="gridcell"
                    tabIndex={-1}
                  >
                    18
                  </div>
                  <div
                    aria-disabled={false}
                    aria-label="Thu Mar 19 2020"
                    aria-selected={false}
                    className="DayPicker-Day"
                    onClick={[Function]}
                    onKeyDown={[Function]}
                    role="gridcell"
                    tabIndex={-1}
                  >
                    19
                  </div>
                  <div
                    aria-disabled={false}
                    aria-label="Fri Mar 20 2020"
                    aria-selected={false}
                    className="DayPicker-Day"
                    onClick={[Function]}
                    onKeyDown={[Function]}
                    role="gridcell"
                    tabIndex={-1}
                  >
                    20
                  </div>
                  <div
                    aria-disabled={false}
                    aria-label="Sat Mar 21 2020"
                    aria-selected={false}
                    className="DayPicker-Day"
                    onClick={[Function]}
                    onKeyDown={[Function]}
                    role="gridcell"
                    tabIndex={-1}
                  >
                    21
                  </div>
                </div>
                <div
                  className="DayPicker-Week"
                  role="row"
                >
                  <div
                    aria-disabled={false}
                    aria-label="Sun Mar 22 2020"
                    aria-selected={false}
                    className="DayPicker-Day"
                    onClick={[Function]}
                    onKeyDown={[Function]}
                    role="gridcell"
                    tabIndex={-1}
                  >
                    22
                  </div>
                  <div
                    aria-disabled={false}
                    aria-label="Mon Mar 23 2020"
                    aria-selected={false}
                    className="DayPicker-Day"
                    onClick={[Function]}
                    onKeyDown={[Function]}
                    role="gridcell"
                    tabIndex={-1}
                  >
                    23
                  </div>
                  <div
                    aria-disabled={false}
                    aria-label="Tue Mar 24 2020"
                    aria-selected={false}
                    className="DayPicker-Day"
                    onClick={[Function]}
                    onKeyDown={[Function]}
                    role="gridcell"
                    tabIndex={-1}
                  >
                    24
                  </div>
                  <div
                    aria-disabled={false}
                    aria-label="Wed Mar 25 2020"
                    aria-selected={false}
                    className="DayPicker-Day DayPicker-Day--today"
                    onClick={[Function]}
                    onKeyDown={[Function]}
                    role="gridcell"
                    tabIndex={-1}
                  >
                    25
                  </div>
                  <div
                    aria-disabled={false}
                    aria-label="Thu Mar 26 2020"
                    aria-selected={false}
                    className="DayPicker-Day"
                    onClick={[Function]}
                    onKeyDown={[Function]}
                    role="gridcell"
                    tabIndex={-1}
                  >
                    26
                  </div>
                  <div
                    aria-disabled={false}
                    aria-label="Fri Mar 27 2020"
                    aria-selected={false}
                    className="DayPicker-Day"
                    onClick={[Function]}
                    onKeyDown={[Function]}
                    role="gridcell"
                    tabIndex={-1}
                  >
                    27
                  </div>
                  <div
                    aria-disabled={false}
                    aria-label="Sat Mar 28 2020"
                    aria-selected={false}
                    className="DayPicker-Day"
                    onClick={[Function]}
                    onKeyDown={[Function]}
                    role="gridcell"
                    tabIndex={-1}
                  >
                    28
                  </div>
                </div>
                <div
                  className="DayPicker-Week"
                  role="row"
                >
                  <div
                    aria-disabled={false}
                    aria-label="Sun Mar 29 2020"
                    aria-selected={false}
                    className="DayPicker-Day"
                    onClick={[Function]}
                    onKeyDown={[Function]}
                    role="gridcell"
                    tabIndex={-1}
                  >
                    29
                  </div>
                  <div
                    aria-disabled={false}
                    aria-label="Mon Mar 30 2020"
                    aria-selected={false}
                    className="DayPicker-Day"
                    onClick={[Function]}
                    onKeyDown={[Function]}
                    role="gridcell"
                    tabIndex={-1}
                  >
                    30
                  </div>
                  <div
                    aria-disabled={false}
                    aria-label="Tue Mar 31 2020"
                    aria-selected={false}
                    className="DayPicker-Day"
                    onClick={[Function]}
                    onKeyDown={[Function]}
                    role="gridcell"
                    tabIndex={-1}
                  >
                    31
                  </div>
                  <div
                    aria-disabled={true}
                    className="DayPicker-Day DayPicker-Day--outside"
                  />
                  <div
                    aria-disabled={true}
                    className="DayPicker-Day DayPicker-Day--outside"
                  />
                  <div
                    aria-disabled={true}
                    className="DayPicker-Day DayPicker-Day--outside"
                  />
                  <div
                    aria-disabled={true}
                    className="DayPicker-Day DayPicker-Day--outside"
                  />
                </div>
              </div>
            </div>
          </div>
        </div>
      </div>
      <svg
        aria-hidden="true"
        className="svg-inline--fa fa-chevron-down fa-w-14 "
        data-icon="chevron-down"
        data-prefix="fas"
        focusable="false"
        role="img"
        style={Object {}}
        viewBox="0 0 448 512"
        xmlns="http://www.w3.org/2000/svg"
      >
        <path
          d="M207.029 381.476L12.686 187.132c-9.373-9.373-9.373-24.569 0-33.941l22.667-22.667c9.357-9.357 24.522-9.375 33.901-.04L224 284.505l154.745-154.021c9.379-9.335 24.544-9.317 33.901.04l22.667 22.667c9.373 9.373 9.373 24.569 0 33.941L240.971 381.476c-9.373 9.372-24.569 9.372-33.942 0z"
          fill="currentColor"
          style={Object {}}
        />
      </svg>
    </div>
    <button
      className="li-date"
      onClick={[Function]}
    >
      Mar 25th, 2020
    </button>
  </div>
  <ul
    className="dashboard__list"
  />
</div>
`;
